12:28:36 **** Incremental Build of configuration Debug for project testing_uart ****
make -j8 all 
arm-none-eabi-gcc "../Core/Src/main.c" -mcpu=cortex-m3 -std=gnu11 -g3 -DDEBUG -DUSE_HAL_DRIVER -DSTM32F103xB -c -I../Core/Inc -I../Drivers/STM32F1xx_HAL_Driver/Inc -I../Drivers/STM32F1xx_HAL_Driver/Inc/Legacy -I../Drivers/CMSIS/Device/ST/STM32F1xx/Include -I../Drivers/CMSIS/Include -O0 -ffunction-sections -fdata-sections -Wall -fstack-usage -MMD -MP -MF"Core/Src/main.d" -MT"Core/Src/main.o" --specs=nano.specs -mfloat-abi=soft -mthumb -o "Core/Src/main.o"
arm-none-eabi-gcc -o "testing_uart.elf" @"objects.list"   -mcpu=cortex-m3 -T"C:\Users\enero\AppData\Roaming\SPB_16.6\ene-github\licenta_ene_robert\STM32 Workspace\testing_uart\STM32F103RBTX_FLASH.ld" --specs=nosys.specs -Wl,-Map="testing_uart.map" -Wl,--gc-sections -static --specs=nano.specs -mfloat-abi=soft -mthumb -Wl,--start-group -lc -lm -Wl,--end-group
Finished building target: testing_uart.elf
 
arm-none-eabi-size   testing_uart.elf 
arm-none-eabi-objdump -h -S  testing_uart.elf  > "testing_uart.list"
   text	   data	    bss	    dec	    hex	filename
  13544	    120	   1800	  15464	   3c68	testing_uart.elf
Finished building: default.size.stdout
 
Finished building: testing_uart.list
 

12:28:38 Build Finished. 0 errors, 0 warnings. (took 1s.216ms)

